
Memory Configuration

Name             Origin             Length             Attributes
flash            0x08000000         0x00020000         xr
sram             0x20000000         0x00005000         xrw
*default*        0x00000000         0xffffffff

Linker script and memory map


.text           0x08000000      0x3cc
 *(.vectors*)
 .vectors       0x08000000       0x1c startup.o
                0x08000000                vectors
 *(.text*)
 .text          0x0800001c       0xc4 Alarm_Actuator.o
                0x0800001c                ST_AA_Init
                0x08000040                ST_AA_Waiting
                0x08000058                ST_AA_Alarm_On
                0x08000080                ST_AA_Alarm_Off
                0x080000a8                AA_Start_Alarm
                0x080000c4                AA_Stop_Alarm
 .text          0x080000e0       0x7c Alarm_Monitor.o
                0x080000e0                ST_AM_Alarm_Off
                0x08000110                ST_AM_Alarm_On
                0x08000134                ST_AM_Waiting
 .text          0x0800015c       0x90 Pressure_Sensor.o
                0x0800015c                ST_PS_Init
                0x08000180                ST_PS_Reading
                0x080001b0                ST_PS_Waiting
                0x080001d8                PS_get_pressure_value
 .text          0x080001ec       0xc4 driver.o
                0x080001ec                Delay
                0x0800020e                getPressureVal
                0x08000224                Set_Alarm_actuator
                0x08000260                GPIO_INITIALIZATION
 .text          0x080002b0       0x34 main.o
                0x080002b0                main
 .text          0x080002e4       0x58 mainAlgo.o
                0x080002e4                ST_MA_HIGH_PRESSURE
                0x08000314                MA_high_pressure_detected
 .text          0x0800033c       0x90 startup.o
                0x0800033c                H_Fault_Handler
                0x0800033c                MM_Fault_Handler
                0x0800033c                Usage_Fault_Handler
                0x0800033c                Bus_Fault
                0x0800033c                Default_Handler
                0x0800033c                NMI_Handler
                0x08000348                Reset_Handler
 *(.rodata)
                0x080003cc                _E_TEXT = .

.glue_7         0x080003cc        0x0
 .glue_7        0x080003cc        0x0 linker stubs

.glue_7t        0x080003cc        0x0
 .glue_7t       0x080003cc        0x0 linker stubs

.vfp11_veneer   0x080003cc        0x0
 .vfp11_veneer  0x080003cc        0x0 linker stubs

.v4_bx          0x080003cc        0x0
 .v4_bx         0x080003cc        0x0 linker stubs

.iplt           0x080003cc        0x0
 .iplt          0x080003cc        0x0 Alarm_Actuator.o

.rel.dyn        0x080003cc        0x0
 .rel.iplt      0x080003cc        0x0 Alarm_Actuator.o

.data           0x20000000       0x14 load address 0x080003cc
                0x20000000                _S_DATA = .
 *(.data)
 .data          0x20000000        0x0 Alarm_Actuator.o
 .data          0x20000000        0x0 Alarm_Monitor.o
 .data          0x20000000        0x0 Pressure_Sensor.o
 .data          0x20000000        0x0 driver.o
 .data          0x20000000       0x10 main.o
                0x2000000c                MA_State
 .data          0x20000010        0x4 mainAlgo.o
 .data          0x20000014        0x0 startup.o
                0x20000014                . = ALIGN (0x4)
                0x20000014                _E_DATA = .

.igot.plt       0x20000014        0x0 load address 0x080003e0
 .igot.plt      0x20000014        0x0 Alarm_Actuator.o

.bss            0x20000014     0x102c load address 0x080003e0
                0x20000014                _S_BSS = .
 *(.bss)
 .bss           0x20000014        0x8 Alarm_Actuator.o
                0x20000014                AA_State_Id
                0x20000018                AA_State
 .bss           0x2000001c        0x8 Alarm_Monitor.o
                0x2000001c                AM_State_Id
                0x20000020                AM_State
 .bss           0x20000024        0xc Pressure_Sensor.o
                0x20000024                PS_State_Id
                0x2000002c                PS_State
 .bss           0x20000030        0x0 driver.o
 .bss           0x20000030        0x4 main.o
                0x20000033                MA_Id
 .bss           0x20000034        0xc mainAlgo.o
 .bss           0x20000040        0x0 startup.o
                0x20000040                _E_BSS = .
                0x20000040                . = ALIGN (0x4)
                0x20001040                . = (. + 0x1000)
 *fill*         0x20000040     0x1000 
                0x20001040                _stack_top = .
LOAD Alarm_Actuator.o
LOAD Alarm_Monitor.o
LOAD Pressure_Sensor.o
LOAD driver.o
LOAD main.o
LOAD mainAlgo.o
LOAD startup.o
OUTPUT(Pressure_Sensor.elf elf32-littlearm)
LOAD linker stubs

.debug_info     0x00000000      0x9c4
 .debug_info    0x00000000      0x161 Alarm_Actuator.o
 .debug_info    0x00000161      0x15d Alarm_Monitor.o
 .debug_info    0x000002be      0x146 Pressure_Sensor.o
 .debug_info    0x00000404      0x112 driver.o
 .debug_info    0x00000516      0x1dc main.o
 .debug_info    0x000006f2      0x131 mainAlgo.o
 .debug_info    0x00000823      0x1a1 startup.o

.debug_abbrev   0x00000000      0x5f3
 .debug_abbrev  0x00000000       0xc0 Alarm_Actuator.o
 .debug_abbrev  0x000000c0      0x10b Alarm_Monitor.o
 .debug_abbrev  0x000001cb       0xed Pressure_Sensor.o
 .debug_abbrev  0x000002b8       0xc3 driver.o
 .debug_abbrev  0x0000037b       0xac main.o
 .debug_abbrev  0x00000427       0xe8 mainAlgo.o
 .debug_abbrev  0x0000050f       0xe4 startup.o

.debug_loc      0x00000000      0x524
 .debug_loc     0x00000000      0x168 Alarm_Actuator.o
 .debug_loc     0x00000168       0x84 Alarm_Monitor.o
 .debug_loc     0x000001ec       0xe0 Pressure_Sensor.o
 .debug_loc     0x000002cc      0x140 driver.o
 .debug_loc     0x0000040c       0x2c main.o
 .debug_loc     0x00000438       0x70 mainAlgo.o
 .debug_loc     0x000004a8       0x7c startup.o

.debug_aranges  0x00000000       0xe0
 .debug_aranges
                0x00000000       0x20 Alarm_Actuator.o
 .debug_aranges
                0x00000020       0x20 Alarm_Monitor.o
 .debug_aranges
                0x00000040       0x20 Pressure_Sensor.o
 .debug_aranges
                0x00000060       0x20 driver.o
 .debug_aranges
                0x00000080       0x20 main.o
 .debug_aranges
                0x000000a0       0x20 mainAlgo.o
 .debug_aranges
                0x000000c0       0x20 startup.o

.debug_line     0x00000000      0x5f4
 .debug_line    0x00000000       0x90 Alarm_Actuator.o
 .debug_line    0x00000090       0x7f Alarm_Monitor.o
 .debug_line    0x0000010f       0x85 Pressure_Sensor.o
 .debug_line    0x00000194      0x191 driver.o
 .debug_line    0x00000325       0x9f main.o
 .debug_line    0x000003c4       0x60 mainAlgo.o
 .debug_line    0x00000424      0x1d0 startup.o

.debug_str      0x00000000      0x36a
 .debug_str     0x00000000      0x16d Alarm_Actuator.o
                                0x1d2 (size before relaxing)
 .debug_str     0x0000016d       0x6c Alarm_Monitor.o
                                0x1d8 (size before relaxing)
 .debug_str     0x000001d9       0x6b Pressure_Sensor.o
                                0x1b4 (size before relaxing)
 .debug_str     0x00000244       0x57 driver.o
                                0x18b (size before relaxing)
 .debug_str     0x0000029b       0x1b main.o
                                0x204 (size before relaxing)
 .debug_str     0x000002b6       0x34 mainAlgo.o
                                0x1af (size before relaxing)
 .debug_str     0x000002ea       0x80 startup.o
                                0x1ae (size before relaxing)

.comment        0x00000000       0x49
 .comment       0x00000000       0x49 Alarm_Actuator.o
                                 0x4a (size before relaxing)
 .comment       0x00000049       0x4a Alarm_Monitor.o
 .comment       0x00000049       0x4a Pressure_Sensor.o
 .comment       0x00000049       0x4a driver.o
 .comment       0x00000049       0x4a main.o
 .comment       0x00000049       0x4a mainAlgo.o
 .comment       0x00000049       0x4a startup.o

.ARM.attributes
                0x00000000       0x2d
 .ARM.attributes
                0x00000000       0x2d Alarm_Actuator.o
 .ARM.attributes
                0x0000002d       0x2d Alarm_Monitor.o
 .ARM.attributes
                0x0000005a       0x2d Pressure_Sensor.o
 .ARM.attributes
                0x00000087       0x2d driver.o
 .ARM.attributes
                0x000000b4       0x2d main.o
 .ARM.attributes
                0x000000e1       0x2d mainAlgo.o
 .ARM.attributes
                0x0000010e       0x2d startup.o

.debug_frame    0x00000000      0x31c
 .debug_frame   0x00000000       0xc8 Alarm_Actuator.o
 .debug_frame   0x000000c8       0x64 Alarm_Monitor.o
 .debug_frame   0x0000012c       0x88 Pressure_Sensor.o
 .debug_frame   0x000001b4       0xa0 driver.o
 .debug_frame   0x00000254       0x2c main.o
 .debug_frame   0x00000280       0x4c mainAlgo.o
 .debug_frame   0x000002cc       0x50 startup.o
