
Memory Configuration

Name             Origin             Length             Attributes
flash            0x08000000         0x00020000         xr
sram             0x20000000         0x00005000         xrw
*default*        0x00000000         0xffffffff

Linker script and memory map


.text           0x08000000      0x114
 *(.vectors*)
 .vectors       0x08000000       0x1c startup.o
                0x08000000                vectors
 *(.text*)
 .text          0x0800001c       0x68 main.o
                0x0800001c                main
 .text          0x08000084       0x90 startup.o
                0x08000084                H_Fault_Handler
                0x08000084                MM_Fault_Handler
                0x08000084                Usage_Fault_Handler
                0x08000084                Bus_Fault
                0x08000084                Default_Handler
                0x08000084                NMI_Handler
                0x08000090                Reset_Handler
 *(.rodata)
                0x08000114                _E_TEXT = .

.glue_7         0x08000114        0x0
 .glue_7        0x08000114        0x0 linker stubs

.glue_7t        0x08000114        0x0
 .glue_7t       0x08000114        0x0 linker stubs

.vfp11_veneer   0x08000114        0x0
 .vfp11_veneer  0x08000114        0x0 linker stubs

.v4_bx          0x08000114        0x0
 .v4_bx         0x08000114        0x0 linker stubs

.iplt           0x08000114        0x0
 .iplt          0x08000114        0x0 main.o

.rel.dyn        0x08000114        0x0
 .rel.iplt      0x08000114        0x0 main.o

.data           0x20000000        0x4 load address 0x08000114
                0x20000000                _S_DATA = .
 *(.data)
 .data          0x20000000        0x4 main.o
                0x20000000                R_ODR
 .data          0x20000004        0x0 startup.o
                0x20000004                . = ALIGN (0x4)
                0x20000004                _E_DATA = .

.igot.plt       0x20000004        0x0 load address 0x08000118
 .igot.plt      0x20000004        0x0 main.o

.bss            0x20000004     0x1000 load address 0x08000118
                0x20000004                _S_BSS = .
 *(.bss)
 .bss           0x20000004        0x0 main.o
 .bss           0x20000004        0x0 startup.o
                0x20000004                _E_BSS = .
                0x20000004                . = ALIGN (0x4)
                0x20001004                . = (. + 0x1000)
 *fill*         0x20000004     0x1000 
                0x20001004                _stack_top = .
LOAD main.o
LOAD startup.o
OUTPUT(learn_in_depth.elf elf32-littlearm)
LOAD linker stubs

.debug_info     0x00000000      0x2e3
 .debug_info    0x00000000      0x142 main.o
 .debug_info    0x00000142      0x1a1 startup.o

.debug_abbrev   0x00000000      0x1ba
 .debug_abbrev  0x00000000       0xd6 main.o
 .debug_abbrev  0x000000d6       0xe4 startup.o

.debug_loc      0x00000000       0xb4
 .debug_loc     0x00000000       0x38 main.o
 .debug_loc     0x00000038       0x7c startup.o

.debug_aranges  0x00000000       0x40
 .debug_aranges
                0x00000000       0x20 main.o
 .debug_aranges
                0x00000020       0x20 startup.o

.debug_line     0x00000000      0x34f
 .debug_line    0x00000000      0x17f main.o
 .debug_line    0x0000017f      0x1d0 startup.o

.debug_str      0x00000000      0x1ad
 .debug_str     0x00000000      0x12d main.o
                                0x16a (size before relaxing)
 .debug_str     0x0000012d       0x80 startup.o
                                0x1a7 (size before relaxing)

.comment        0x00000000       0x49
 .comment       0x00000000       0x49 main.o
                                 0x4a (size before relaxing)
 .comment       0x00000049       0x4a startup.o

.ARM.attributes
                0x00000000       0x2d
 .ARM.attributes
                0x00000000       0x2d main.o
 .ARM.attributes
                0x0000002d       0x2d startup.o

.debug_frame    0x00000000       0x7c
 .debug_frame   0x00000000       0x2c main.o
 .debug_frame   0x0000002c       0x50 startup.o
